==== timing ====
  time double/serial/256
  time double/serial/512
  time double/serial/1024
  time double/neon/256
  time double/neon/512
  time double/neon/1024
  time double/sve2/256
  time double/sve2/512
  time double/sve2/1024
  time dd/serial/256
  time dd/serial/512
  time dd/serial/1024
  time dd/neon/256
  time dd/neon/512
  time dd/neon/1024
  time dd/sve2/256
  time dd/sve2/512
  time dd/sve2/1024
  time td/serial/256
  time td/serial/512
  time td/serial/1024
  time td/neon/256
  time td/neon/512
  time td/neon/1024
  time td/sve2/256
  time td/sve2/512
  time td/sve2/1024
  time qd/serial/256
  time qd/serial/512
  time qd/serial/1024
  time qd/neon/256
  time qd/neon/512
  time qd/neon/1024
  time qd/sve2/256
  time qd/sve2/512
  time qd/sve2/1024
  time float/serial/256
  time float/serial/512
  time float/serial/1024
  time float/neon/256
  time float/neon/512
  time float/neon/1024
  time float/sve2/256
  time float/sve2/512
  time float/sve2/1024
  time ds/serial/256
  time ds/serial/512
  time ds/serial/1024
  (missing mm_ds_neon)
  time ds/sve2/256
  time ds/sve2/512
  time ds/sve2/1024
  time ts/serial/256
  time ts/serial/512
  time ts/serial/1024
  (missing mm_ts_neon)
  time ts/sve2/256
  time ts/sve2/512
  time ts/sve2/1024
  time qs/serial/256
  time qs/serial/512
  time qs/serial/1024
  (missing mm_qs_neon)
  time qs/sve2/256
  time qs/sve2/512
  time qs/sve2/1024
==== accuracy (serial, dim=256) ====
  acc  double/256
  acc  dd/256
  acc  td/256
  acc  qd/256
  acc  float/256
  acc  ds/256
  acc  ts/256
  acc  qs/256
==== done -> out/mm_results.csv ====
285 out/mm_results.csv
