==== timing ====
  time double/serial/256
  time double/serial/512
  time double/serial/1024
  time double/avx2/256
  time double/avx2/512
  time double/avx2/1024
  time double/avx512/256
  time double/avx512/512
  time double/avx512/1024
  time dd/serial/256
  time dd/serial/512
  time dd/serial/1024
  time dd/avx2/256
  time dd/avx2/512
  time dd/avx2/1024
  time dd/avx512/256
  time dd/avx512/512
  time dd/avx512/1024
  time td/serial/256
  time td/serial/512
  time td/serial/1024
  time td/avx2/256
  time td/avx2/512
  time td/avx2/1024
  time td/avx512/256
  time td/avx512/512
  time td/avx512/1024
  time qd/serial/256
  time qd/serial/512
  time qd/serial/1024
  time qd/avx2/256
  time qd/avx2/512
  time qd/avx2/1024
  time qd/avx512/256
  time qd/avx512/512
  time qd/avx512/1024
  time float/serial/256
  time float/serial/512
  time float/serial/1024
  time float/avx2/256
  time float/avx2/512
  time float/avx2/1024
  time float/avx512/256
  time float/avx512/512
  time float/avx512/1024
  time ds/serial/256
  time ds/serial/512
  time ds/serial/1024
  time ds/avx2/256
  time ds/avx2/512
  time ds/avx2/1024
  time ds/avx512/256
  time ds/avx512/512
  time ds/avx512/1024
  time ts/serial/256
  time ts/serial/512
  time ts/serial/1024
  time ts/avx2/256
  time ts/avx2/512
  time ts/avx2/1024
  time ts/avx512/256
  time ts/avx512/512
  time ts/avx512/1024
  time qs/serial/256
  time qs/serial/512
  time qs/serial/1024
  time qs/avx2/256
  time qs/avx2/512
  time qs/avx2/1024
  time qs/avx512/256
  time qs/avx512/512
  time qs/avx512/1024
==== accuracy (serial, dim=256) ====
  acc  double/256
  acc  dd/256
  acc  td/256
  acc  qd/256
  acc  float/256
  acc  ds/256
  acc  ts/256
  acc  qs/256
==== done -> out/mm_results_x86.csv ====
321 out/mm_results_x86.csv
